[
  {
    "id": "module:es6-class",
    "longname": "module:es6-class",
    "name": "es6-class",
    "kind": "module",
    "meta": {
      "lineno": 1,
      "filename": "es6-class.js",
      "path": "/Users/lloyd/Documents/75lb/jsdoc-parse/test/fixture/cjs"
    },
    "order": 0
  },
  {
    "id": "module:es6-class--GlobalClass",
    "longname": "module:es6-class",
    "name": "GlobalClass",
    "kind": "class",
    "isExported": true,
    "description": "a global class",
    "memberof": "module:es6-class",
    "alias": "module:es6-class",
    "meta": {
      "lineno": 9,
      "filename": "es6-class.js",
      "path": "/Users/lloyd/Documents/75lb/jsdoc-parse/test/fixture/cjs"
    },
    "order": 1
  },
  {
    "id": "module:es6-class--GlobalClass.GlobalClass",
    "longname": "module:es6-class.GlobalClass",
    "name": "GlobalClass",
    "kind": "constructor",
    "description": "the global class constructor",
    "memberof": "module:es6-class--GlobalClass",
    "params": [
      {
        "type": {
          "names": [
            "number"
          ]
        },
        "description": "first param",
        "name": "one"
      },
      {
        "type": {
          "names": [
            "string"
          ]
        },
        "description": "second param",
        "name": "two"
      }
    ],
    "meta": {
      "lineno": 15,
      "filename": "es6-class.js",
      "path": "/Users/lloyd/Documents/75lb/jsdoc-parse/test/fixture/cjs"
    },
    "order": 2
  },
  {
    "id": "module:es6-class--GlobalClass.GlobalClass#propOne",
    "longname": "module:es6-class.GlobalClass#propOne",
    "name": "propOne",
    "scope": "instance",
    "kind": "member",
    "description": "an instance property",
    "memberof": "module:es6-class--GlobalClass",
    "meta": {
      "lineno": 17,
      "filename": "es6-class.js",
      "path": "/Users/lloyd/Documents/75lb/jsdoc-parse/test/fixture/cjs"
    },
    "order": 3
  },
  {
    "id": "module:es6-class--GlobalClass~GlobalChildClass.GlobalChildClass#propThree",
    "longname": "module:es6-class~GlobalChildClass.GlobalChildClass#propThree",
    "name": "propThree",
    "scope": "instance",
    "kind": "member",
    "description": "an instance property",
    "memberof": "module:es6-class--GlobalClass~GlobalChildClass",
    "meta": {
      "lineno": 36,
      "filename": "es6-class.js",
      "path": "/Users/lloyd/Documents/75lb/jsdoc-parse/test/fixture/cjs"
    },
    "order": 8
  },
  {
    "id": "module:es6-class--GlobalClass#methodOne",
    "longname": "module:es6-class#methodOne",
    "name": "methodOne",
    "scope": "instance",
    "kind": "function",
    "description": "parent method one",
    "memberof": "module:es6-class--GlobalClass",
    "meta": {
      "lineno": 24,
      "filename": "es6-class.js",
      "path": "/Users/lloyd/Documents/75lb/jsdoc-parse/test/fixture/cjs"
    },
    "order": 5
  },
  {
    "id": "module:es6-class--GlobalClass#methodTwo",
    "longname": "module:es6-class#methodTwo",
    "name": "methodTwo",
    "scope": "instance",
    "kind": "function",
    "description": "parent method two",
    "memberof": "module:es6-class--GlobalClass",
    "meta": {
      "lineno": 26,
      "filename": "es6-class.js",
      "path": "/Users/lloyd/Documents/75lb/jsdoc-parse/test/fixture/cjs"
    },
    "order": 6
  },
  {
    "id": "module:es6-class--GlobalClass~GlobalChildClass#methodTwo",
    "longname": "module:es6-class~GlobalChildClass#methodTwo",
    "name": "methodTwo",
    "scope": "instance",
    "kind": "function",
    "description": "overridden child methodTwo",
    "memberof": "module:es6-class--GlobalClass~GlobalChildClass",
    "meta": {
      "lineno": 40,
      "filename": "es6-class.js",
      "path": "/Users/lloyd/Documents/75lb/jsdoc-parse/test/fixture/cjs"
    },
    "order": 9
  },
  {
    "id": "module:es6-class--GlobalClass.shat",
    "longname": "module:es6-class.shat",
    "name": "shat",
    "scope": "static",
    "kind": "function",
    "description": "a static method",
    "memberof": "module:es6-class--GlobalClass",
    "meta": {
      "lineno": 21,
      "filename": "es6-class.js",
      "path": "/Users/lloyd/Documents/75lb/jsdoc-parse/test/fixture/cjs"
    },
    "order": 4
  },
  {
    "id": "module:es6-class--GlobalClass~GlobalChildClass",
    "longname": "module:es6-class~GlobalChildClass",
    "name": "GlobalChildClass",
    "scope": "inner",
    "kind": "class",
    "augments": [
      "GlobalClass"
    ],
    "description": "the child of global class",
    "memberof": "module:es6-class--GlobalClass",
    "meta": {
      "lineno": 33,
      "filename": "es6-class.js",
      "path": "/Users/lloyd/Documents/75lb/jsdoc-parse/test/fixture/cjs"
    },
    "order": 7
  }
]
