[
    {
        "todo": [
            "Write the documentation.",
            "Implement this function."
        ],
        "todoList": [
          {
            "done": false,
            "task": "Write the documentation."
          },
          {
            "done": false,
            "task": "Implement this function."
          }
        ]
    },
    {
        "todo": [
            "Write the documentation.",
            "Implement this function."
        ],
        "tags": [
            {
                "originalTitle": "done",
                "title": "done",
                "text": "this one is done",
                "value": "this one is done"
            },
            {
                "originalTitle": "done",
                "title": "done",
                "text": "finished",
                "value": "finished"
            }
        ],
        "todoList": [
          {
            "done": false,
            "task": "Write the documentation."
          },
          {
            "done": false,
            "task": "Implement this function."
          },
          {
            "done": true,
            "task": "this one is done"
          },
          {
            "done": true,
            "task": "finished"
          }
        ]
    },
    {
        "tags": [
            {
                "originalTitle": "done",
                "title": "done",
                "text": "this one is done",
                "value": "this one is done"
            },
            {
                "originalTitle": "done",
                "title": "done",
                "text": "finished",
                "value": "finished"
            }
        ],
        "todoList": [
          {
            "done": true,
            "task": "this one is done"
          },
          {
            "done": true,
            "task": "finished"
          }
        ]
    }
]
