{
	"id": "the original longname",
	"longname": "the original longname"
}
